This file contains any messages produced by compilers while
running configure, to aid debugging if configure makes a mistake.

It was created by ThirdPartyHSL configure 1.5.6, which was
generated by GNU Autoconf 2.59.  Invocation command line was

  $ ./configure --prefix=/usr/local --prefix=/usr/local coin_skip_warn_cxxflags=yes --with-blas=/usr/local/lib/libcoinblas.a -lgfortran --with-lapack=/usr/local/lib/libcoinlapack.a --cache-file=/dev/null --srcdir=.

## --------- ##
## Platform. ##
## --------- ##

hostname = companion-NUC7i7BNH
uname -m = x86_64
uname -r = 4.15.0-112-generic
uname -s = Linux
uname -v = #113-Ubuntu SMP Thu Jul 9 23:41:39 UTC 2020

/usr/bin/uname -p = unknown
/bin/uname -X     = unknown

/bin/arch              = unknown
/usr/bin/arch -k       = unknown
/usr/convex/getsysinfo = unknown
hostinfo               = unknown
/bin/machine           = unknown
/usr/bin/oslevel       = unknown
/bin/universe          = unknown

PATH: /usr/local/sbin
PATH: /usr/local/bin
PATH: /usr/sbin
PATH: /usr/bin
PATH: /sbin
PATH: /bin
PATH: /snap/bin


## ----------- ##
## Core tests. ##
## ----------- ##

configure:1693: checking for svnversion
configure:1709: found /usr/bin/svnversion
configure:1720: result: yes
configure:1784: checking build system type
configure:1802: result: x86_64-unknown-linux-gnu
configure:1820: checking whether we want to compile in debug mode
configure:1866: result: no
configure:2116: checking for gcc
configure:2132: found /usr/bin/gcc
configure:2142: result: gcc
configure:2163: checking for C compiler version
configure:2166: gcc --version </dev/null >&5
gcc (Ubuntu 7.5.0-3ubuntu1~18.04) 7.5.0
Copyright (C) 2017 Free Software Foundation, Inc.
This is free software; see the source for copying conditions.  There is NO
warranty; not even for MERCHANTABILITY or FITNESS FOR A PARTICULAR PURPOSE.

configure:2169: $? = 0
configure:2171: gcc -v </dev/null >&5
Using built-in specs.
COLLECT_GCC=gcc
COLLECT_LTO_WRAPPER=/usr/lib/gcc/x86_64-linux-gnu/7/lto-wrapper
OFFLOAD_TARGET_NAMES=nvptx-none
OFFLOAD_TARGET_DEFAULT=1
Target: x86_64-linux-gnu
Configured with: ../src/configure -v --with-pkgversion='Ubuntu 7.5.0-3ubuntu1~18.04' --with-bugurl=file:///usr/share/doc/gcc-7/README.Bugs --enable-languages=c,ada,c++,go,brig,d,fortran,objc,obj-c++ --prefix=/usr --with-gcc-major-version-only --program-suffix=-7 --program-prefix=x86_64-linux-gnu- --enable-shared --enable-linker-build-id --libexecdir=/usr/lib --without-included-gettext --enable-threads=posix --libdir=/usr/lib --enable-nls --enable-bootstrap --enable-clocale=gnu --enable-libstdcxx-debug --enable-libstdcxx-time=yes --with-default-libstdcxx-abi=new --enable-gnu-unique-object --disable-vtable-verify --enable-libmpx --enable-plugin --enable-default-pie --with-system-zlib --with-target-system-zlib --enable-objc-gc=auto --enable-multiarch --disable-werror --with-arch-32=i686 --with-abi=m64 --with-multilib-list=m32,m64,mx32 --enable-multilib --with-tune=generic --enable-offload-targets=nvptx-none --without-cuda-driver --enable-checking=release --build=x86_64-linux-gnu --host=x86_64-linux-gnu --target=x86_64-linux-gnu
Thread model: posix
gcc version 7.5.0 (Ubuntu 7.5.0-3ubuntu1~18.04) 
configure:2174: $? = 0
configure:2176: gcc -V </dev/null >&5
gcc: error: unrecognized command line option '-V'
gcc: fatal error: no input files
compilation terminated.
configure:2179: $? = 1
configure:2202: checking for C compiler default output file name
configure:2205: gcc    conftest.c  >&5
configure:2208: $? = 0
configure:2254: result: a.out
configure:2259: checking whether the C compiler works
configure:2265: ./a.out
configure:2268: $? = 0
configure:2285: result: yes
configure:2292: checking whether we are cross compiling
configure:2294: result: no
configure:2297: checking for suffix of executables
configure:2299: gcc -o conftest    conftest.c  >&5
configure:2302: $? = 0
configure:2327: result: 
configure:2333: checking for suffix of object files
configure:2354: gcc -c   conftest.c >&5
configure:2357: $? = 0
configure:2379: result: o
configure:2383: checking whether we are using the GNU C compiler
configure:2407: gcc -c   conftest.c >&5
configure:2413: $? = 0
configure:2417: test -z 
			 || test ! -s conftest.err
configure:2420: $? = 0
configure:2423: test -s conftest.o
configure:2426: $? = 0
configure:2439: result: yes
configure:2445: checking whether gcc accepts -g
configure:2466: gcc -c -g  conftest.c >&5
configure:2472: $? = 0
configure:2476: test -z 
			 || test ! -s conftest.err
configure:2479: $? = 0
configure:2482: test -s conftest.o
configure:2485: $? = 0
configure:2496: result: yes
configure:2513: checking for gcc option to accept ANSI C
configure:2583: gcc  -c -g -O2  conftest.c >&5
configure:2589: $? = 0
configure:2593: test -z 
			 || test ! -s conftest.err
configure:2596: $? = 0
configure:2599: test -s conftest.o
configure:2602: $? = 0
configure:2620: result: none needed
configure:2638: gcc -c -g -O2  conftest.c >&5
conftest.c:2:3: error: unknown type name 'choke'
   choke me
   ^~~~~
conftest.c:2:3: error: expected '=', ',', ';', 'asm' or '__attribute__' at end of input
configure:2644: $? = 1
configure: failed program was:
| #ifndef __cplusplus
|   choke me
| #endif
configure:3065: gcc -o conftest -O3 -pipe -DNDEBUG -Wimplicit -Wparentheses -Wsequence-point -Wreturn-type -Wcast-qual -Wall -Wno-unknown-pragmas -Wno-long-long   -DCOINHSL_BUILD   conftest.c  >&5
configure:3071: $? = 0
configure:3075: test -z 
			 || test ! -s conftest.err
configure:3078: $? = 0
configure:3081: test -s conftest
configure:3084: $? = 0
configure:3151: C compiler options are: -O3 -pipe -DNDEBUG -Wimplicit -Wparentheses -Wsequence-point -Wreturn-type -Wcast-qual -Wall -Wno-unknown-pragmas -Wno-long-long   -DCOINHSL_BUILD
configure:3222: Trying to determine Fortran compiler name
configure:3271: checking for gfortran
configure:3287: found /usr/bin/gfortran
configure:3297: result: gfortran
configure:3405: checking for Fortran 77 compiler version
configure:3408: gfortran --version </dev/null >&5
GNU Fortran (Ubuntu 7.5.0-3ubuntu1~18.04) 7.5.0
Copyright (C) 2017 Free Software Foundation, Inc.
This is free software; see the source for copying conditions.  There is NO
warranty; not even for MERCHANTABILITY or FITNESS FOR A PARTICULAR PURPOSE.

configure:3411: $? = 0
configure:3413: gfortran -v </dev/null >&5
Using built-in specs.
COLLECT_GCC=gfortran
COLLECT_LTO_WRAPPER=/usr/lib/gcc/x86_64-linux-gnu/7/lto-wrapper
OFFLOAD_TARGET_NAMES=nvptx-none
OFFLOAD_TARGET_DEFAULT=1
Target: x86_64-linux-gnu
Configured with: ../src/configure -v --with-pkgversion='Ubuntu 7.5.0-3ubuntu1~18.04' --with-bugurl=file:///usr/share/doc/gcc-7/README.Bugs --enable-languages=c,ada,c++,go,brig,d,fortran,objc,obj-c++ --prefix=/usr --with-gcc-major-version-only --program-suffix=-7 --program-prefix=x86_64-linux-gnu- --enable-shared --enable-linker-build-id --libexecdir=/usr/lib --without-included-gettext --enable-threads=posix --libdir=/usr/lib --enable-nls --enable-bootstrap --enable-clocale=gnu --enable-libstdcxx-debug --enable-libstdcxx-time=yes --with-default-libstdcxx-abi=new --enable-gnu-unique-object --disable-vtable-verify --enable-libmpx --enable-plugin --enable-default-pie --with-system-zlib --with-target-system-zlib --enable-objc-gc=auto --enable-multiarch --disable-werror --with-arch-32=i686 --with-abi=m64 --with-multilib-list=m32,m64,mx32 --enable-multilib --with-tune=generic --enable-offload-targets=nvptx-none --without-cuda-driver --enable-checking=release --build=x86_64-linux-gnu --host=x86_64-linux-gnu --target=x86_64-linux-gnu
Thread model: posix
gcc version 7.5.0 (Ubuntu 7.5.0-3ubuntu1~18.04) 
configure:3416: $? = 0
configure:3418: gfortran -V </dev/null >&5
gfortran: error: unrecognized command line option '-V'
gfortran: fatal error: no input files
compilation terminated.
configure:3421: $? = 1
configure:3429: checking whether we are using the GNU Fortran 77 compiler
configure:3443: gfortran -c  conftest.F >&5
configure:3449: $? = 0
configure:3453: test -z 
			 || test ! -s conftest.err
configure:3456: $? = 0
configure:3459: test -s conftest.o
configure:3462: $? = 0
configure:3475: result: yes
configure:3481: checking whether gfortran accepts -g
configure:3493: gfortran -c -g conftest.f >&5
configure:3499: $? = 0
configure:3503: test -z 
			 || test ! -s conftest.err
configure:3506: $? = 0
configure:3509: test -s conftest.o
configure:3512: $? = 0
configure:3524: result: yes
configure:3759: gfortran -o conftest -O3 -pipe    conftest.f  >&5
configure:3765: $? = 0
configure:3769: test -z 
			 || test ! -s conftest.err
configure:3772: $? = 0
configure:3775: test -s conftest
configure:3778: $? = 0
configure:3836: Fortran compiler options are: -O3 -pipe  
configure:3923: checking for pkg-config
configure:3939: found /usr/bin/pkg-config
configure:3949: result: pkg-config
configure:3964: checking pkg-config is at least version 0.16.0
configure:3967: result: yes
configure:4070: checking how to get verbose linking output from gfortran
configure:4081: gfortran -c -O3 -pipe   conftest.f >&5
configure:4087: $? = 0
configure:4091: test -z 
			 || test ! -s conftest.err
configure:4094: $? = 0
configure:4097: test -s conftest.o
configure:4100: $? = 0
configure:4117: gfortran -o conftest -O3 -pipe   -v  conftest.f  >&5
Using built-in specs.
COLLECT_GCC=gfortran
COLLECT_LTO_WRAPPER=/usr/lib/gcc/x86_64-linux-gnu/7/lto-wrapper
OFFLOAD_TARGET_NAMES=nvptx-none
OFFLOAD_TARGET_DEFAULT=1
Target: x86_64-linux-gnu
Configured with: ../src/configure -v --with-pkgversion='Ubuntu 7.5.0-3ubuntu1~18.04' --with-bugurl=file:///usr/share/doc/gcc-7/README.Bugs --enable-languages=c,ada,c++,go,brig,d,fortran,objc,obj-c++ --prefix=/usr --with-gcc-major-version-only --program-suffix=-7 --program-prefix=x86_64-linux-gnu- --enable-shared --enable-linker-build-id --libexecdir=/usr/lib --without-included-gettext --enable-threads=posix --libdir=/usr/lib --enable-nls --enable-bootstrap --enable-clocale=gnu --enable-libstdcxx-debug --enable-libstdcxx-time=yes --with-default-libstdcxx-abi=new --enable-gnu-unique-object --disable-vtable-verify --enable-libmpx --enable-plugin --enable-default-pie --with-system-zlib --with-target-system-zlib --enable-objc-gc=auto --enable-multiarch --disable-werror --with-arch-32=i686 --with-abi=m64 --with-multilib-list=m32,m64,mx32 --enable-multilib --with-tune=generic --enable-offload-targets=nvptx-none --without-cuda-driver --enable-checking=release --build=x86_64-linux-gnu --host=x86_64-linux-gnu --target=x86_64-linux-gnu
Thread model: posix
gcc version 7.5.0 (Ubuntu 7.5.0-3ubuntu1~18.04) 
COLLECT_GCC_OPTIONS='-o' 'conftest' '-O3' '-pipe' '-v' '-shared-libgcc' '-mtune=generic' '-march=x86-64'
 /usr/lib/gcc/x86_64-linux-gnu/7/f951 conftest.f -ffixed-form -quiet -dumpbase conftest.f -mtune=generic -march=x86-64 -auxbase conftest -O3 -version -fintrinsic-modules-path /usr/lib/gcc/x86_64-linux-gnu/7/finclude -o - |
 as -v --64 -o /tmp/ccfAIeW8.o
GNU assembler version 2.30 (x86_64-linux-gnu) using BFD version (GNU Binutils for Ubuntu) 2.30
GNU Fortran (Ubuntu 7.5.0-3ubuntu1~18.04) version 7.5.0 (x86_64-linux-gnu)
	compiled by GNU C version 7.5.0, GMP version 6.1.2, MPFR version 4.0.1, MPC version 1.1.0, isl version isl-0.19-GMP

GGC heuristics: --param ggc-min-expand=100 --param ggc-min-heapsize=131072
GNU Fortran2008 (Ubuntu 7.5.0-3ubuntu1~18.04) version 7.5.0 (x86_64-linux-gnu)
	compiled by GNU C version 7.5.0, GMP version 6.1.2, MPFR version 4.0.1, MPC version 1.1.0, isl version isl-0.19-GMP

GGC heuristics: --param ggc-min-expand=100 --param ggc-min-heapsize=131072
Reading specs from /usr/lib/gcc/x86_64-linux-gnu/7/libgfortran.spec
rename spec lib to liborig
COLLECT_GCC_OPTIONS='-o' 'conftest' '-O3' '-pipe' '-v' '-shared-libgcc' '-mtune=generic' '-march=x86-64'
COMPILER_PATH=/usr/lib/gcc/x86_64-linux-gnu/7/:/usr/lib/gcc/x86_64-linux-gnu/7/:/usr/lib/gcc/x86_64-linux-gnu/:/usr/lib/gcc/x86_64-linux-gnu/7/:/usr/lib/gcc/x86_64-linux-gnu/
LIBRARY_PATH=/usr/lib/gcc/x86_64-linux-gnu/7/:/usr/lib/gcc/x86_64-linux-gnu/7/../../../x86_64-linux-gnu/:/usr/lib/gcc/x86_64-linux-gnu/7/../../../../lib/:/lib/x86_64-linux-gnu/:/lib/../lib/:/usr/lib/x86_64-linux-gnu/:/usr/lib/../lib/:/usr/lib/gcc/x86_64-linux-gnu/7/../../../:/lib/:/usr/lib/
COLLECT_GCC_OPTIONS='-o' 'conftest' '-O3' '-pipe' '-v' '-shared-libgcc' '-mtune=generic' '-march=x86-64'
 /usr/lib/gcc/x86_64-linux-gnu/7/collect2 -plugin /usr/lib/gcc/x86_64-linux-gnu/7/liblto_plugin.so -plugin-opt=/usr/lib/gcc/x86_64-linux-gnu/7/lto-wrapper -plugin-opt=-fresolution=/tmp/ccaez1a1.res -plugin-opt=-pass-through=-lgcc_s -plugin-opt=-pass-through=-lgcc -plugin-opt=-pass-through=-lquadmath -plugin-opt=-pass-through=-lm -plugin-opt=-pass-through=-lgcc_s -plugin-opt=-pass-through=-lgcc -plugin-opt=-pass-through=-lc -plugin-opt=-pass-through=-lgcc_s -plugin-opt=-pass-through=-lgcc --build-id --eh-frame-hdr -m elf_x86_64 --hash-style=gnu --as-needed -dynamic-linker /lib64/ld-linux-x86-64.so.2 -pie -z now -z relro -o conftest /usr/lib/gcc/x86_64-linux-gnu/7/../../../x86_64-linux-gnu/Scrt1.o /usr/lib/gcc/x86_64-linux-gnu/7/../../../x86_64-linux-gnu/crti.o /usr/lib/gcc/x86_64-linux-gnu/7/crtbeginS.o -L/usr/lib/gcc/x86_64-linux-gnu/7 -L/usr/lib/gcc/x86_64-linux-gnu/7/../../../x86_64-linux-gnu -L/usr/lib/gcc/x86_64-linux-gnu/7/../../../../lib -L/lib/x86_64-linux-gnu -L/lib/../lib -L/usr/lib/x86_64-linux-gnu -L/usr/lib/../lib -L/usr/lib/gcc/x86_64-linux-gnu/7/../../.. /tmp/ccfAIeW8.o -lgfortran -lm -lgcc_s -lgcc -lquadmath -lm -lgcc_s -lgcc -lc -lgcc_s -lgcc /usr/lib/gcc/x86_64-linux-gnu/7/crtendS.o /usr/lib/gcc/x86_64-linux-gnu/7/../../../x86_64-linux-gnu/crtn.o
COLLECT_GCC_OPTIONS='-o' 'conftest' '-O3' '-pipe' '-v' '-shared-libgcc' '-mtune=generic' '-march=x86-64'
configure:4172: result: -v
configure:4174: checking for Fortran libraries of gfortran
configure:4195: gfortran -o conftest -O3 -pipe   -v  conftest.f  >&5
Using built-in specs.
COLLECT_GCC=gfortran
COLLECT_LTO_WRAPPER=/usr/lib/gcc/x86_64-linux-gnu/7/lto-wrapper
OFFLOAD_TARGET_NAMES=nvptx-none
OFFLOAD_TARGET_DEFAULT=1
Target: x86_64-linux-gnu
Configured with: ../src/configure -v --with-pkgversion='Ubuntu 7.5.0-3ubuntu1~18.04' --with-bugurl=file:///usr/share/doc/gcc-7/README.Bugs --enable-languages=c,ada,c++,go,brig,d,fortran,objc,obj-c++ --prefix=/usr --with-gcc-major-version-only --program-suffix=-7 --program-prefix=x86_64-linux-gnu- --enable-shared --enable-linker-build-id --libexecdir=/usr/lib --without-included-gettext --enable-threads=posix --libdir=/usr/lib --enable-nls --enable-bootstrap --enable-clocale=gnu --enable-libstdcxx-debug --enable-libstdcxx-time=yes --with-default-libstdcxx-abi=new --enable-gnu-unique-object --disable-vtable-verify --enable-libmpx --enable-plugin --enable-default-pie --with-system-zlib --with-target-system-zlib --enable-objc-gc=auto --enable-multiarch --disable-werror --with-arch-32=i686 --with-abi=m64 --with-multilib-list=m32,m64,mx32 --enable-multilib --with-tune=generic --enable-offload-targets=nvptx-none --without-cuda-driver --enable-checking=release --build=x86_64-linux-gnu --host=x86_64-linux-gnu --target=x86_64-linux-gnu
Thread model: posix
gcc version 7.5.0 (Ubuntu 7.5.0-3ubuntu1~18.04) 
COLLECT_GCC_OPTIONS='-o' 'conftest' '-O3' '-pipe' '-v' '-shared-libgcc' '-mtune=generic' '-march=x86-64'
 /usr/lib/gcc/x86_64-linux-gnu/7/f951 conftest.f -ffixed-form -quiet -dumpbase conftest.f -mtune=generic -march=x86-64 -auxbase conftest -O3 -version -fintrinsic-modules-path /usr/lib/gcc/x86_64-linux-gnu/7/finclude -o - |
 as -v --64 -o /tmp/ccsxRTla.o
GNU Fortran (Ubuntu 7.5.0-3ubuntu1~18.04) version 7.5.0 (x86_64-linux-gnu)
	compiled by GNU C version 7.5.0, GMP version 6.1.2, MPFR version 4.0.1, MPC version 1.1.0, isl version isl-0.19-GMP

GGC heuristics: --param ggc-min-expand=100 --param ggc-min-heapsize=131072
GNU Fortran2008 (Ubuntu 7.5.0-3ubuntu1~18.04) version 7.5.0 (x86_64-linux-gnu)
	compiled by GNU C version 7.5.0, GMP version 6.1.2, MPFR version 4.0.1, MPC version 1.1.0, isl version isl-0.19-GMP

GGC heuristics: --param ggc-min-expand=100 --param ggc-min-heapsize=131072
GNU assembler version 2.30 (x86_64-linux-gnu) using BFD version (GNU Binutils for Ubuntu) 2.30
Reading specs from /usr/lib/gcc/x86_64-linux-gnu/7/libgfortran.spec
rename spec lib to liborig
COLLECT_GCC_OPTIONS='-o' 'conftest' '-O3' '-pipe' '-v' '-shared-libgcc' '-mtune=generic' '-march=x86-64'
COMPILER_PATH=/usr/lib/gcc/x86_64-linux-gnu/7/:/usr/lib/gcc/x86_64-linux-gnu/7/:/usr/lib/gcc/x86_64-linux-gnu/:/usr/lib/gcc/x86_64-linux-gnu/7/:/usr/lib/gcc/x86_64-linux-gnu/
LIBRARY_PATH=/usr/lib/gcc/x86_64-linux-gnu/7/:/usr/lib/gcc/x86_64-linux-gnu/7/../../../x86_64-linux-gnu/:/usr/lib/gcc/x86_64-linux-gnu/7/../../../../lib/:/lib/x86_64-linux-gnu/:/lib/../lib/:/usr/lib/x86_64-linux-gnu/:/usr/lib/../lib/:/usr/lib/gcc/x86_64-linux-gnu/7/../../../:/lib/:/usr/lib/
COLLECT_GCC_OPTIONS='-o' 'conftest' '-O3' '-pipe' '-v' '-shared-libgcc' '-mtune=generic' '-march=x86-64'
 /usr/lib/gcc/x86_64-linux-gnu/7/collect2 -plugin /usr/lib/gcc/x86_64-linux-gnu/7/liblto_plugin.so -plugin-opt=/usr/lib/gcc/x86_64-linux-gnu/7/lto-wrapper -plugin-opt=-fresolution=/tmp/ccAk6HM2.res -plugin-opt=-pass-through=-lgcc_s -plugin-opt=-pass-through=-lgcc -plugin-opt=-pass-through=-lquadmath -plugin-opt=-pass-through=-lm -plugin-opt=-pass-through=-lgcc_s -plugin-opt=-pass-through=-lgcc -plugin-opt=-pass-through=-lc -plugin-opt=-pass-through=-lgcc_s -plugin-opt=-pass-through=-lgcc --build-id --eh-frame-hdr -m elf_x86_64 --hash-style=gnu --as-needed -dynamic-linker /lib64/ld-linux-x86-64.so.2 -pie -z now -z relro -o conftest /usr/lib/gcc/x86_64-linux-gnu/7/../../../x86_64-linux-gnu/Scrt1.o /usr/lib/gcc/x86_64-linux-gnu/7/../../../x86_64-linux-gnu/crti.o /usr/lib/gcc/x86_64-linux-gnu/7/crtbeginS.o -L/usr/lib/gcc/x86_64-linux-gnu/7 -L/usr/lib/gcc/x86_64-linux-gnu/7/../../../x86_64-linux-gnu -L/usr/lib/gcc/x86_64-linux-gnu/7/../../../../lib -L/lib/x86_64-linux-gnu -L/lib/../lib -L/usr/lib/x86_64-linux-gnu -L/usr/lib/../lib -L/usr/lib/gcc/x86_64-linux-gnu/7/../../.. /tmp/ccsxRTla.o -lgfortran -lm -lgcc_s -lgcc -lquadmath -lm -lgcc_s -lgcc -lc -lgcc_s -lgcc /usr/lib/gcc/x86_64-linux-gnu/7/crtendS.o /usr/lib/gcc/x86_64-linux-gnu/7/../../../x86_64-linux-gnu/crtn.o
COLLECT_GCC_OPTIONS='-o' 'conftest' '-O3' '-pipe' '-v' '-shared-libgcc' '-mtune=generic' '-march=x86-64'
configure:4356: result:  -L/usr/lib/gcc/x86_64-linux-gnu/7 -L/usr/lib/gcc/x86_64-linux-gnu/7/../../../x86_64-linux-gnu -L/usr/lib/gcc/x86_64-linux-gnu/7/../../../../lib -L/lib/x86_64-linux-gnu -L/lib/../lib -L/usr/lib/x86_64-linux-gnu -L/usr/lib/../lib -L/usr/lib/gcc/x86_64-linux-gnu/7/../../.. -lgfortran -lm -lgcc_s -lquadmath
configure:4423: Corrected Fortran libraries:  -L/usr/lib/gcc/x86_64-linux-gnu/7 -L/usr/lib/gcc/x86_64-linux-gnu/7/../../../x86_64-linux-gnu -L/usr/lib/gcc/x86_64-linux-gnu/7/../../../../lib -L/lib/x86_64-linux-gnu -L/lib/../lib -L/usr/lib/x86_64-linux-gnu -L/usr/lib/../lib -L/usr/lib/gcc/x86_64-linux-gnu/7/../../.. -lgfortran -lm -lquadmath
configure:4432: checking for dummy main to link with Fortran libraries
configure:4471: gcc -o conftest -O3 -pipe -DNDEBUG -Wimplicit -Wparentheses -Wsequence-point -Wreturn-type -Wcast-qual -Wall -Wno-unknown-pragmas -Wno-long-long   -DCOINHSL_BUILD   conftest.c   -L/usr/lib/gcc/x86_64-linux-gnu/7 -L/usr/lib/gcc/x86_64-linux-gnu/7/../../../x86_64-linux-gnu -L/usr/lib/gcc/x86_64-linux-gnu/7/../../../../lib -L/lib/x86_64-linux-gnu -L/lib/../lib -L/usr/lib/x86_64-linux-gnu -L/usr/lib/../lib -L/usr/lib/gcc/x86_64-linux-gnu/7/../../.. -lgfortran -lm -lquadmath >&5
configure:4477: $? = 0
configure:4481: test -z 
			 || test ! -s conftest.err
configure:4484: $? = 0
configure:4487: test -s conftest
configure:4490: $? = 0
configure:4568: result: none
configure:4604: checking for Fortran name-mangling scheme
configure:4618: gfortran -c -O3 -pipe   conftest.f >&5
configure:4624: $? = 0
configure:4628: test -z 
			 || test ! -s conftest.err
configure:4631: $? = 0
configure:4634: test -s conftest.o
configure:4637: $? = 0
configure:4684: gcc -o conftest -O3 -pipe -DNDEBUG -Wimplicit -Wparentheses -Wsequence-point -Wreturn-type -Wcast-qual -Wall -Wno-unknown-pragmas -Wno-long-long   -DCOINHSL_BUILD   conftest.c cfortran_test.o   -L/usr/lib/gcc/x86_64-linux-gnu/7 -L/usr/lib/gcc/x86_64-linux-gnu/7/../../../x86_64-linux-gnu -L/usr/lib/gcc/x86_64-linux-gnu/7/../../../../lib -L/lib/x86_64-linux-gnu -L/lib/../lib -L/usr/lib/x86_64-linux-gnu -L/usr/lib/../lib -L/usr/lib/gcc/x86_64-linux-gnu/7/../../.. -lgfortran -lm -lquadmath >&5
/tmp/ccx7dQSh.o: In function `main':
conftest.c:(.text.startup+0x7): undefined reference to `foobar'
collect2: error: ld returned 1 exit status
configure:4690: $? = 1
configure: failed program was:
| /* confdefs.h.  */
| 
| #define PACKAGE_NAME "ThirdPartyHSL"
| #define PACKAGE_TARNAME "thirdpartyhsl"
| #define PACKAGE_VERSION "1.5.6"
| #define PACKAGE_STRING "ThirdPartyHSL 1.5.6"
| #define PACKAGE_BUGREPORT "http://projects.coin-or.org/BuildTools/newticket"
| #define COINHSL_VERSION "1.5.6"
| #define COINHSL_VERSION_MAJOR 1
| #define COINHSL_VERSION_MINOR 5
| #define COINHSL_VERSION_RELEASE 6
| #define COIN_HSL_VERBOSITY 0
| #define COIN_HSL_CHECKLEVEL 0
| /* end confdefs.h.  */
| 
| /* Override any gcc2 internal prototype to avoid an error.  */
| #ifdef __cplusplus
| extern "C"
| #endif
| /* We use char because int might match the return type of a gcc2
|    builtin and then its argument prototype would still apply.  */
| char foobar ();
| #ifdef F77_DUMMY_MAIN
| 
| #  ifdef __cplusplus
|      extern "C"
| #  endif
|    int F77_DUMMY_MAIN() { return 1; }
| 
| #endif
| int
| main ()
| {
| foobar ();
|   ;
|   return 0;
| }
configure:4684: gcc -o conftest -O3 -pipe -DNDEBUG -Wimplicit -Wparentheses -Wsequence-point -Wreturn-type -Wcast-qual -Wall -Wno-unknown-pragmas -Wno-long-long   -DCOINHSL_BUILD   conftest.c cfortran_test.o   -L/usr/lib/gcc/x86_64-linux-gnu/7 -L/usr/lib/gcc/x86_64-linux-gnu/7/../../../x86_64-linux-gnu -L/usr/lib/gcc/x86_64-linux-gnu/7/../../../../lib -L/lib/x86_64-linux-gnu -L/lib/../lib -L/usr/lib/x86_64-linux-gnu -L/usr/lib/../lib -L/usr/lib/gcc/x86_64-linux-gnu/7/../../.. -lgfortran -lm -lquadmath >&5
configure:4690: $? = 0
configure:4694: test -z 
			 || test ! -s conftest.err
configure:4697: $? = 0
configure:4700: test -s conftest
configure:4703: $? = 0
configure:4771: gcc -o conftest -O3 -pipe -DNDEBUG -Wimplicit -Wparentheses -Wsequence-point -Wreturn-type -Wcast-qual -Wall -Wno-unknown-pragmas -Wno-long-long   -DCOINHSL_BUILD   conftest.c cfortran_test.o   -L/usr/lib/gcc/x86_64-linux-gnu/7 -L/usr/lib/gcc/x86_64-linux-gnu/7/../../../x86_64-linux-gnu -L/usr/lib/gcc/x86_64-linux-gnu/7/../../../../lib -L/lib/x86_64-linux-gnu -L/lib/../lib -L/usr/lib/x86_64-linux-gnu -L/usr/lib/../lib -L/usr/lib/gcc/x86_64-linux-gnu/7/../../.. -lgfortran -lm -lquadmath >&5
configure:4777: $? = 0
configure:4781: test -z 
			 || test ! -s conftest.err
configure:4784: $? = 0
configure:4787: test -s conftest
configure:4790: $? = 0
configure:4840: result: lower case, underscore, no extra underscore
configure:4957: checking for egrep
configure:4967: result: grep -E
configure:5074: checking for Fortran compiler version
configure:5077: gfortran --version </dev/null >&5
GNU Fortran (Ubuntu 7.5.0-3ubuntu1~18.04) 7.5.0
Copyright (C) 2017 Free Software Foundation, Inc.
This is free software; see the source for copying conditions.  There is NO
warranty; not even for MERCHANTABILITY or FITNESS FOR A PARTICULAR PURPOSE.

configure:5080: $? = 0
configure:5082: gfortran -v </dev/null >&5
Using built-in specs.
COLLECT_GCC=gfortran
COLLECT_LTO_WRAPPER=/usr/lib/gcc/x86_64-linux-gnu/7/lto-wrapper
OFFLOAD_TARGET_NAMES=nvptx-none
OFFLOAD_TARGET_DEFAULT=1
Target: x86_64-linux-gnu
Configured with: ../src/configure -v --with-pkgversion='Ubuntu 7.5.0-3ubuntu1~18.04' --with-bugurl=file:///usr/share/doc/gcc-7/README.Bugs --enable-languages=c,ada,c++,go,brig,d,fortran,objc,obj-c++ --prefix=/usr --with-gcc-major-version-only --program-suffix=-7 --program-prefix=x86_64-linux-gnu- --enable-shared --enable-linker-build-id --libexecdir=/usr/lib --without-included-gettext --enable-threads=posix --libdir=/usr/lib --enable-nls --enable-bootstrap --enable-clocale=gnu --enable-libstdcxx-debug --enable-libstdcxx-time=yes --with-default-libstdcxx-abi=new --enable-gnu-unique-object --disable-vtable-verify --enable-libmpx --enable-plugin --enable-default-pie --with-system-zlib --with-target-system-zlib --enable-objc-gc=auto --enable-multiarch --disable-werror --with-arch-32=i686 --with-abi=m64 --with-multilib-list=m32,m64,mx32 --enable-multilib --with-tune=generic --enable-offload-targets=nvptx-none --without-cuda-driver --enable-checking=release --build=x86_64-linux-gnu --host=x86_64-linux-gnu --target=x86_64-linux-gnu
Thread model: posix
gcc version 7.5.0 (Ubuntu 7.5.0-3ubuntu1~18.04) 
configure:5085: $? = 0
configure:5087: gfortran -V </dev/null >&5
gfortran: error: unrecognized command line option '-V'
gfortran: fatal error: no input files
compilation terminated.
configure:5090: $? = 1
configure:5098: checking whether we are using the GNU Fortran compiler
configure:5112: gfortran -c -O3 -pipe    conftest.F >&5
configure:5118: $? = 0
configure:5122: test -z 
			 || test ! -s conftest.err
configure:5125: $? = 0
configure:5128: test -s conftest.o
configure:5131: $? = 0
configure:5144: result: yes
configure:5150: checking whether gfortran accepts -g
configure:5162: gfortran -c -g  conftest.f >&5
configure:5168: $? = 0
configure:5172: test -z 
			 || test ! -s conftest.err
configure:5175: $? = 0
configure:5178: test -s conftest.o
configure:5181: $? = 0
configure:5193: result: yes
configure:5319: checking whether ln -s works
configure:5323: result: yes
configure:5344: checking for a BSD-compatible install
configure:5399: result: /usr/bin/install -c
configure:5410: checking whether build environment is sane
configure:5453: result: yes
configure:5518: checking for gawk
configure:5547: result: no
configure:5518: checking for mawk
configure:5534: found /usr/bin/mawk
configure:5544: result: mawk
configure:5554: checking whether make sets $(MAKE)
configure:5574: result: yes
configure:5604: checking for style of include used by make
configure:5632: result: GNU
configure:5813: checking dependency style of gcc
configure:5903: result: gcc3
configure:5921: checking whether to enable maintainer-specific portions of Makefiles
configure:5930: result: no
configure:21808: Using libtool script in directory ../..
configure:21907: checking if library version is set
configure:21911: result: 6:6:5
configure:21927: checking whether we can compile Fortran 90 code
configure:21944: gfortran -c -O3 -pipe   conftest.f >&5
configure:21950: $? = 0
configure:21954: test -z 
			 || test ! -s conftest.err
configure:21957: $? = 0
configure:21960: test -s conftest.o
configure:21963: $? = 0
configure:21973: result: yes
configure:21989: checking for MC19
configure:22005: result: yes
configure:22018: checking for MA27
configure:22034: result: yes
configure:22047: checking for MA28
configure:22063: result: yes
configure:22076: checking for MA57
configure:22092: result: yes
configure:22106: checking for MA77
configure:22122: result: yes
configure:22139: checking for MA86
configure:22155: result: yes
configure:22172: checking for MA97
configure:22188: result: yes
configure:22206: checking for C interface to MC68
configure:22223: result: yes
configure:22241: checking for deps90.f90
configure:22251: result: yes
configure:22303: checking whether user supplied BLASLIB="/usr/local/lib/libcoinblas.a -lgfortran" works
configure:22417: gcc -o conftest -O3 -pipe -DNDEBUG -Wimplicit -Wparentheses -Wsequence-point -Wreturn-type -Wcast-qual -Wall -Wno-unknown-pragmas -Wno-long-long   -DCOINHSL_BUILD   conftest.c /usr/local/lib/libcoinblas.a -lgfortran  >&5
configure:22423: $? = 0
configure:22427: test -z 
			 || test ! -s conftest.err
configure:22430: $? = 0
configure:22433: test -s conftest
configure:22436: $? = 0
configure:22452: result: yes: /usr/local/lib/libcoinblas.a -lgfortran
configure:26044: checking whether user supplied LAPACKLIB="/usr/local/lib/libcoinlapack.a /usr/local/lib/libcoinblas.a -lgfortran  -L/usr/lib/gcc/x86_64-linux-gnu/7 -L/usr/lib/gcc/x86_64-linux-gnu/7/../../../x86_64-linux-gnu -L/usr/lib/gcc/x86_64-linux-gnu/7/../../../../lib -L/lib/x86_64-linux-gnu -L/lib/../lib -L/usr/lib/x86_64-linux-gnu -L/usr/lib/../lib -L/usr/lib/gcc/x86_64-linux-gnu/7/../../.. -lgfortran -lm -lquadmath" works
configure:26160: gcc -o conftest -O3 -pipe -DNDEBUG -Wimplicit -Wparentheses -Wsequence-point -Wreturn-type -Wcast-qual -Wall -Wno-unknown-pragmas -Wno-long-long   -DCOINHSL_BUILD   conftest.c /usr/local/lib/libcoinlapack.a /usr/local/lib/libcoinblas.a -lgfortran  -L/usr/lib/gcc/x86_64-linux-gnu/7 -L/usr/lib/gcc/x86_64-linux-gnu/7/../../../x86_64-linux-gnu -L/usr/lib/gcc/x86_64-linux-gnu/7/../../../../lib -L/lib/x86_64-linux-gnu -L/lib/../lib -L/usr/lib/x86_64-linux-gnu -L/usr/lib/../lib -L/usr/lib/gcc/x86_64-linux-gnu/7/../../.. -lgfortran -lm -lquadmath  >&5
configure:26166: $? = 0
configure:26170: test -z 
			 || test ! -s conftest.err
configure:26173: $? = 0
configure:26176: test -s conftest
configure:26179: $? = 0
configure:26195: result: yes: /usr/local/lib/libcoinlapack.a /usr/local/lib/libcoinblas.a -lgfortran  -L/usr/lib/gcc/x86_64-linux-gnu/7 -L/usr/lib/gcc/x86_64-linux-gnu/7/../../../x86_64-linux-gnu -L/usr/lib/gcc/x86_64-linux-gnu/7/../../../../lib -L/lib/x86_64-linux-gnu -L/lib/../lib -L/usr/lib/x86_64-linux-gnu -L/usr/lib/../lib -L/usr/lib/gcc/x86_64-linux-gnu/7/../../.. -lgfortran -lm -lquadmath
configure:28879: checking for COIN-OR package Metis
configure:29043: result: not given: No package 'coinmetis' found
configure:29421: HSL source recognized as HSL 2013
configure:29573: checking which command should be used to link input files
configure:29581: result: ln -s
configure:29971: creating ./config.status

## ---------------------- ##
## Running config.status. ##
## ---------------------- ##

This file was extended by ThirdPartyHSL config.status 1.5.6, which was
generated by GNU Autoconf 2.59.  Invocation command line was

  CONFIG_FILES    = 
  CONFIG_HEADERS  = 
  CONFIG_LINKS    = 
  CONFIG_COMMANDS = 
  $ ./config.status 

on companion-NUC7i7BNH

config.status:832: creating Makefile
config.status:832: creating coinhsl.pc
config.status:832: creating coinhsl-uninstalled.pc
config.status:936: creating config.h
config.status:936: creating config_coinhsl.h
config.status:1262: executing depfiles commands
configure:31454: In case of trouble, first consult the troubleshooting page at https://projects.coin-or.org/BuildTools/wiki/user-troubleshooting
configure:31457: Configuration of ThirdPartyHSL successful

## ---------------- ##
## Cache variables. ##
## ---------------- ##

ac_cv_build=x86_64-unknown-linux-gnu
ac_cv_build_alias=x86_64-unknown-linux-gnu
ac_cv_c_compiler_gnu=yes
ac_cv_env_ADD_CFLAGS_set=
ac_cv_env_ADD_CFLAGS_value=
ac_cv_env_ADD_FFLAGS_set=
ac_cv_env_ADD_FFLAGS_value=
ac_cv_env_CC_set=
ac_cv_env_CC_value=
ac_cv_env_CDEFS_set=
ac_cv_env_CDEFS_value=
ac_cv_env_CFLAGS_set=
ac_cv_env_CFLAGS_value=
ac_cv_env_CPPFLAGS_set=
ac_cv_env_CPPFLAGS_value=
ac_cv_env_CPP_set=
ac_cv_env_CPP_value=
ac_cv_env_CXXCPP_set=
ac_cv_env_CXXCPP_value=
ac_cv_env_CXXFLAGS_set=
ac_cv_env_CXXFLAGS_value=
ac_cv_env_CXX_set=
ac_cv_env_CXX_value=
ac_cv_env_DBG_CFLAGS_set=
ac_cv_env_DBG_CFLAGS_value=
ac_cv_env_DBG_FFLAGS_set=
ac_cv_env_DBG_FFLAGS_value=
ac_cv_env_F77_set=
ac_cv_env_F77_value=
ac_cv_env_FCFLAGS_set=
ac_cv_env_FCFLAGS_value=
ac_cv_env_FC_set=
ac_cv_env_FC_value=
ac_cv_env_FFLAGS_set=
ac_cv_env_FFLAGS_value=
ac_cv_env_LDFLAGS_set=
ac_cv_env_LDFLAGS_value=
ac_cv_env_MPICC_set=
ac_cv_env_MPICC_value=
ac_cv_env_MPIF77_set=
ac_cv_env_MPIF77_value=
ac_cv_env_OPT_CFLAGS_set=
ac_cv_env_OPT_CFLAGS_value=
ac_cv_env_OPT_FFLAGS_set=
ac_cv_env_OPT_FFLAGS_value=
ac_cv_env_PKG_CONFIG_set=
ac_cv_env_PKG_CONFIG_value=
ac_cv_env_build_alias_set=
ac_cv_env_build_alias_value=
ac_cv_env_host_alias_set=
ac_cv_env_host_alias_value=
ac_cv_env_target_alias_set=
ac_cv_env_target_alias_value=
ac_cv_exeext=
ac_cv_f77_compiler_gnu=yes
ac_cv_f77_dummy_main=none
ac_cv_f77_libs=' -L/usr/lib/gcc/x86_64-linux-gnu/7 -L/usr/lib/gcc/x86_64-linux-gnu/7/../../../x86_64-linux-gnu -L/usr/lib/gcc/x86_64-linux-gnu/7/../../../../lib -L/lib/x86_64-linux-gnu -L/lib/../lib -L/usr/lib/x86_64-linux-gnu -L/usr/lib/../lib -L/usr/lib/gcc/x86_64-linux-gnu/7/../../.. -lgfortran -lm -lquadmath'
ac_cv_f77_mangling='lower case, underscore, no extra underscore'
ac_cv_fc_compiler_gnu=yes
ac_cv_fortran_dummy_main=none
ac_cv_objext=o
ac_cv_path_install='/usr/bin/install -c'
ac_cv_prog_AWK=mawk
ac_cv_prog_ac_ct_CC=gcc
ac_cv_prog_ac_ct_F77=gfortran
ac_cv_prog_ac_ct_PKG_CONFIG=pkg-config
ac_cv_prog_cc_g=yes
ac_cv_prog_cc_stdc=
ac_cv_prog_egrep='grep -E'
ac_cv_prog_f77_g=yes
ac_cv_prog_f77_v=-v
ac_cv_prog_fc_g=yes
ac_cv_prog_have_svnversion=yes
ac_cv_prog_make_make_set=yes
am_cv_CC_dependencies_compiler_type=gcc3

## ----------------- ##
## Output variables. ##
## ----------------- ##

ABSBUILDDIR='/home/companion/Ipopt-3.12.7/ThirdParty/HSL'
ACLOCAL='${SHELL} /home/companion/Ipopt-3.12.7/ThirdParty/HSL/missing --run aclocal-1.9'
ADD_CFLAGS=''
ADD_FFLAGS=''
ALWAYS_FALSE_FALSE=''
ALWAYS_FALSE_TRUE='#'
AMDEPBACKSLASH='\'
AMDEP_FALSE='#'
AMDEP_TRUE=''
AMTAR='${SHELL} /home/companion/Ipopt-3.12.7/ThirdParty/HSL/missing --run tar'
AR='ar'
AUTOCONF='${SHELL} /home/companion/Ipopt-3.12.7/ThirdParty/HSL/missing --run autoconf'
AUTOHEADER='${SHELL} /home/companion/Ipopt-3.12.7/ThirdParty/HSL/missing --run autoheader'
AUTOMAKE='${SHELL} /home/companion/Ipopt-3.12.7/ThirdParty/HSL/missing --run automake-1.9'
AUX_DIR=''
AWK='mawk'
BLAS_CFLAGS=''
BLAS_CFLAGS_INSTALLED=''
BLAS_DATA=''
BLAS_DATA_INSTALLED=''
BLAS_DEPENDENCIES=''
BLAS_LIBS='/usr/local/lib/libcoinblas.a -lgfortran  -L/usr/lib/gcc/x86_64-linux-gnu/7 -L/usr/lib/gcc/x86_64-linux-gnu/7/../../../x86_64-linux-gnu -L/usr/lib/gcc/x86_64-linux-gnu/7/../../../../lib -L/lib/x86_64-linux-gnu -L/lib/../lib -L/usr/lib/x86_64-linux-gnu -L/usr/lib/../lib -L/usr/lib/gcc/x86_64-linux-gnu/7/../../.. -lgfortran -lm -lquadmath'
BLAS_LIBS_INSTALLED=''
BUILDTOOLSDIR=''
BUILD_COINHSL_FALSE='#'
BUILD_COINHSL_TRUE=''
CC='gcc'
CCDEPMODE='depmode=gcc3'
CDEFS=''
CFLAGS='-O3 -pipe -DNDEBUG -Wimplicit -Wparentheses -Wsequence-point -Wreturn-type -Wcast-qual -Wall -Wno-unknown-pragmas -Wno-long-long   -DCOINHSL_BUILD'
COINHSL_SVN_REV=''
COIN_CC_IS_CL_FALSE=''
COIN_CC_IS_CL_TRUE='#'
COIN_HAS_BLAS_FALSE='#'
COIN_HAS_BLAS_TRUE=''
COIN_HAS_DEPSF90_FALSE='#'
COIN_HAS_DEPSF90_TRUE=''
COIN_HAS_HSL_MA77_FALSE='#'
COIN_HAS_HSL_MA77_TRUE=''
COIN_HAS_HSL_MA86_FALSE='#'
COIN_HAS_HSL_MA86_TRUE=''
COIN_HAS_HSL_MA97_FALSE='#'
COIN_HAS_HSL_MA97_TRUE=''
COIN_HAS_HSL_MC68_FALSE='#'
COIN_HAS_HSL_MC68_TRUE=''
COIN_HAS_LAPACK_FALSE='#'
COIN_HAS_LAPACK_TRUE=''
COIN_HAS_MA27_FALSE='#'
COIN_HAS_MA27_TRUE=''
COIN_HAS_MA28_FALSE='#'
COIN_HAS_MA28_TRUE=''
COIN_HAS_MA57_FALSE='#'
COIN_HAS_MA57_TRUE=''
COIN_HAS_MC19_FALSE='#'
COIN_HAS_MC19_TRUE=''
COIN_HAS_METIS_FALSE=''
COIN_HAS_METIS_TRUE='#'
COIN_HAS_PKGCONFIG_FALSE='#'
COIN_HAS_PKGCONFIG_TRUE=''
COIN_PKG_CONFIG_PATH='/usr/local/lib64/pkgconfig:/usr/local/lib/pkgconfig:/usr/local/share/pkgconfig:'
COIN_PKG_CONFIG_PATH_UNINSTALLED='/home/companion/Ipopt-3.12.7/Ipopt:/home/companion/Ipopt-3.12.7/ThirdParty/Mumps:/home/companion/Ipopt-3.12.7/ThirdParty/HSL:/home/companion/Ipopt-3.12.7/ThirdParty/ASL:'
CPP='gcc -E'
CPPFLAGS=''
CXX=''
CXXCPP='g++ -E'
CXXDEPMODE=''
CXXFLAGS=''
CYGPATH_W='echo'
DBG_CFLAGS='-g -O0 -pipe -Wimplicit -Wparentheses -Wsequence-point -Wreturn-type -Wcast-qual -Wall -Wno-unknown-pragmas -Wno-long-long  '
DBG_FFLAGS='-g -O0 -pipe  '
DEFFILE=''
DEFS='-DHAVE_CONFIG_H'
DEPDIR='.deps'
DEPENDENCY_LINKING_FALSE='#'
DEPENDENCY_LINKING_TRUE=''
ECHO='echo'
ECHO_C=''
ECHO_N='-n'
ECHO_T=''
EGREP='grep -E'
EXEEXT=''
EXPORT_SYMBOLS=''
EXTRA_SHARED_COMMAND_FALSE=''
EXTRA_SHARED_COMMAND_TRUE='#'
F77='gfortran'
F77_DLL_LINKFLAGS=''
F77_SHARED_CMD=''
FC='gfortran'
FCFLAGS='-O3 -pipe  '
FFLAGS='-O3 -pipe  '
FLIBS=' -L/usr/lib/gcc/x86_64-linux-gnu/7 -L/usr/lib/gcc/x86_64-linux-gnu/7/../../../x86_64-linux-gnu -L/usr/lib/gcc/x86_64-linux-gnu/7/../../../../lib -L/lib/x86_64-linux-gnu -L/lib/../lib -L/usr/lib/x86_64-linux-gnu -L/usr/lib/../lib -L/usr/lib/gcc/x86_64-linux-gnu/7/../../.. -lgfortran -lm -lquadmath'
HAVE_EXTERNALS_FALSE=''
HAVE_EXTERNALS_TRUE='#'
HSL_CFLAGS=''
HSL_CFLAGS_INSTALLED=''
HSL_DEPENDENCIES=''
HSL_LIBS='/usr/local/lib/libcoinlapack.a /usr/local/lib/libcoinblas.a -lgfortran  -L/usr/lib/gcc/x86_64-linux-gnu/7 -L/usr/lib/gcc/x86_64-linux-gnu/7/../../../x86_64-linux-gnu -L/usr/lib/gcc/x86_64-linux-gnu/7/../../../../lib -L/lib/x86_64-linux-gnu -L/lib/../lib -L/usr/lib/x86_64-linux-gnu -L/usr/lib/../lib -L/usr/lib/gcc/x86_64-linux-gnu/7/../../.. -lgfortran -lm -lquadmath /usr/local/lib/libcoinblas.a -lgfortran  -L/usr/lib/gcc/x86_64-linux-gnu/7 -L/usr/lib/gcc/x86_64-linux-gnu/7/../../../x86_64-linux-gnu -L/usr/lib/gcc/x86_64-linux-gnu/7/../../../../lib -L/lib/x86_64-linux-gnu -L/lib/../lib -L/usr/lib/x86_64-linux-gnu -L/usr/lib/../lib -L/usr/lib/gcc/x86_64-linux-gnu/7/../../.. -lgfortran -lm -lquadmath '
HSL_LIBS_INSTALLED='/usr/local/lib/libcoinlapack.a /usr/local/lib/libcoinblas.a -lgfortran  -L/usr/lib/gcc/x86_64-linux-gnu/7 -L/usr/lib/gcc/x86_64-linux-gnu/7/../../../x86_64-linux-gnu -L/usr/lib/gcc/x86_64-linux-gnu/7/../../../../lib -L/lib/x86_64-linux-gnu -L/lib/../lib -L/usr/lib/x86_64-linux-gnu -L/usr/lib/../lib -L/usr/lib/gcc/x86_64-linux-gnu/7/../../.. -lgfortran -lm -lquadmath /usr/local/lib/libcoinblas.a -lgfortran  -L/usr/lib/gcc/x86_64-linux-gnu/7 -L/usr/lib/gcc/x86_64-linux-gnu/7/../../../x86_64-linux-gnu -L/usr/lib/gcc/x86_64-linux-gnu/7/../../../../lib -L/lib/x86_64-linux-gnu -L/lib/../lib -L/usr/lib/x86_64-linux-gnu -L/usr/lib/../lib -L/usr/lib/gcc/x86_64-linux-gnu/7/../../.. -lgfortran -lm -lquadmath '
HSL_PCLIBS='/usr/local/lib/libcoinlapack.a /usr/local/lib/libcoinblas.a -lgfortran  -L/usr/lib/gcc/x86_64-linux-gnu/7 -L/usr/lib/gcc/x86_64-linux-gnu/7/../../../x86_64-linux-gnu -L/usr/lib/gcc/x86_64-linux-gnu/7/../../../../lib -L/lib/x86_64-linux-gnu -L/lib/../lib -L/usr/lib/x86_64-linux-gnu -L/usr/lib/../lib -L/usr/lib/gcc/x86_64-linux-gnu/7/../../.. -lgfortran -lm -lquadmath /usr/local/lib/libcoinblas.a -lgfortran  -L/usr/lib/gcc/x86_64-linux-gnu/7 -L/usr/lib/gcc/x86_64-linux-gnu/7/../../../x86_64-linux-gnu -L/usr/lib/gcc/x86_64-linux-gnu/7/../../../../lib -L/lib/x86_64-linux-gnu -L/lib/../lib -L/usr/lib/x86_64-linux-gnu -L/usr/lib/../lib -L/usr/lib/gcc/x86_64-linux-gnu/7/../../.. -lgfortran -lm -lquadmath   -L/usr/lib/gcc/x86_64-linux-gnu/7 -L/usr/lib/gcc/x86_64-linux-gnu/7/../../../x86_64-linux-gnu -L/usr/lib/gcc/x86_64-linux-gnu/7/../../../../lib -L/lib/x86_64-linux-gnu -L/lib/../lib -L/usr/lib/x86_64-linux-gnu -L/usr/lib/../lib -L/usr/lib/gcc/x86_64-linux-gnu/7/../../.. -lgfortran -lm -lquadmath'
HSL_PCREQUIRES=''
HSL_SHARED_LIB=''
INSTALL_DATA='${INSTALL} -m 644'
INSTALL_LOADABLE_LIBRARY_FALSE=''
INSTALL_LOADABLE_LIBRARY_TRUE='#'
INSTALL_PROGRAM='${INSTALL}'
INSTALL_SCRIPT='${INSTALL}'
INSTALL_STRIP_PROGRAM='${SHELL} $(install_sh) -c -s'
LAPACK_CFLAGS=''
LAPACK_CFLAGS_INSTALLED=''
LAPACK_DATA=''
LAPACK_DATA_INSTALLED=''
LAPACK_DEPENDENCIES=''
LAPACK_LIBS='/usr/local/lib/libcoinlapack.a /usr/local/lib/libcoinblas.a -lgfortran  -L/usr/lib/gcc/x86_64-linux-gnu/7 -L/usr/lib/gcc/x86_64-linux-gnu/7/../../../x86_64-linux-gnu -L/usr/lib/gcc/x86_64-linux-gnu/7/../../../../lib -L/lib/x86_64-linux-gnu -L/lib/../lib -L/usr/lib/x86_64-linux-gnu -L/usr/lib/../lib -L/usr/lib/gcc/x86_64-linux-gnu/7/../../.. -lgfortran -lm -lquadmath'
LAPACK_LIBS_INSTALLED=''
LDFLAGS=''
LIBEXT='a'
LIBOBJS=''
LIBS=''
LIBTOOL='$(SHELL) $(top_builddir)/../../libtool'
LIBTOOLM4=''
LN_S='ln -s'
LTLIBOBJS=''
LT_LDFLAGS='-no-undefined -version-info 6:6:5'
MAINT='#'
MAINTAINER_MODE_FALSE=''
MAINTAINER_MODE_TRUE='#'
MAKEINFO='${SHELL} /home/companion/Ipopt-3.12.7/ThirdParty/HSL/missing --run makeinfo'
METIS_CFLAGS=''
METIS_CFLAGS_INSTALLED=''
METIS_DATA=''
METIS_DATA_INSTALLED=''
METIS_DEPENDENCIES=''
METIS_LIBS=''
METIS_LIBS_INSTALLED=''
MPICC=''
MPIF77=''
NEED_DEFFILE_FALSE=''
NEED_DEFFILE_TRUE='#'
OBJEXT='o'
OPT_CFLAGS='-O3 -pipe -DNDEBUG -Wimplicit -Wparentheses -Wsequence-point -Wreturn-type -Wcast-qual -Wall -Wno-unknown-pragmas -Wno-long-long  '
OPT_FFLAGS='-O3 -pipe  '
PACKAGE='thirdpartyhsl'
PACKAGE_BUGREPORT='http://projects.coin-or.org/BuildTools/newticket'
PACKAGE_NAME='ThirdPartyHSL'
PACKAGE_STRING='ThirdPartyHSL 1.5.6'
PACKAGE_TARNAME='thirdpartyhsl'
PACKAGE_VERSION='1.5.6'
PATH_SEPARATOR=':'
PKG_CONFIG='pkg-config'
RANLIB='ranlib'
RPATH_FLAGS=' -Wl,--rpath -Wl,/usr/local/lib'
SET_MAKE=''
SHELL='/bin/bash'
STRIP='strip'
VERSION='1.5.6'
VPATH_DISTCLEANFILES=''
abs_bin_dir='/usr/local/bin'
abs_include_dir='/usr/local/include'
abs_lib_dir='/usr/local/lib'
abs_source_dir='/home/companion/Ipopt-3.12.7/ThirdParty/HSL'
ac_c_preproc_warn_flag=''
ac_ct_AR='ar'
ac_ct_CC='gcc'
ac_ct_CXX=''
ac_ct_F77='gfortran'
ac_ct_FC=''
ac_ct_PKG_CONFIG='pkg-config'
ac_ct_RANLIB='ranlib'
ac_ct_STRIP='strip'
ac_cxx_preproc_warn_flag=''
am__fastdepCC_FALSE='#'
am__fastdepCC_TRUE=''
am__fastdepCXX_FALSE='#'
am__fastdepCXX_TRUE=''
am__include='include'
am__leading_dot='.'
am__quote=''
am__tar='${AMTAR} chof - "$$tardir"'
am__untar='${AMTAR} xf -'
bindir='${exec_prefix}/bin'
build='x86_64-unknown-linux-gnu'
build_alias=''
build_cpu='x86_64'
build_os='linux-gnu'
build_vendor='unknown'
datadir='${prefix}/share'
exec_prefix='${prefix}'
have_autoconf=''
have_automake=''
have_svn=''
have_svnversion='yes'
host='x86_64-unknown-linux-gnu'
host_alias=''
host_cpu='x86_64'
host_os='linux-gnu'
host_vendor='unknown'
includedir='${prefix}/include'
infodir='${prefix}/info'
install_sh='/home/companion/Ipopt-3.12.7/ThirdParty/HSL/install-sh'
libdir='${exec_prefix}/lib'
libexecdir='${exec_prefix}/libexec'
localstatedir='${prefix}/var'
mandir='${prefix}/man'
mkdir_p='mkdir -p --'
oldincludedir='/usr/include'
prefix='/usr/local'
program_transform_name='s,x,x,'
sbindir='${exec_prefix}/sbin'
sharedstatedir='${prefix}/com'
sol_cc_compiler=''
sysconfdir='${prefix}/etc'
target_alias=''

## ----------- ##
## confdefs.h. ##
## ----------- ##

#define COINHSL_HAS_MA27 1
#define COINHSL_HAS_MA28 1
#define COINHSL_HAS_MA57 1
#define COINHSL_HAS_MA77 1
#define COINHSL_HAS_MA86 1
#define COINHSL_HAS_MA97 1
#define COINHSL_HAS_MC19 1
#define COINHSL_HAS_MC68 1
#define COINHSL_HSL2013 1
#define COINHSL_VERSION "1.5.6"
#define COINHSL_VERSION_MAJOR 1
#define COINHSL_VERSION_MINOR 5
#define COINHSL_VERSION_RELEASE 6
#define COIN_HAS_BLAS 1
#define COIN_HAS_LAPACK 1
#define COIN_HSL_CHECKLEVEL 0
#define COIN_HSL_VERBOSITY 0
#define F77_FUNC(name,NAME) name ## _
#define F77_FUNC_(name,NAME) name ## _
#define HAVE_DLFCN_H 1
#define HAVE_INTTYPES_H 1
#define HAVE_MEMORY_H 1
#define HAVE_STDINT_H 1
#define HAVE_STDLIB_H 1
#define HAVE_STRINGS_H 1
#define HAVE_STRING_H 1
#define HAVE_SYS_STAT_H 1
#define HAVE_SYS_TYPES_H 1
#define HAVE_UNISTD_H 1
#define PACKAGE "thirdpartyhsl"
#define PACKAGE_BUGREPORT "http://projects.coin-or.org/BuildTools/newticket"
#define PACKAGE_NAME "ThirdPartyHSL"
#define PACKAGE_STRING "ThirdPartyHSL 1.5.6"
#define PACKAGE_TARNAME "thirdpartyhsl"
#define PACKAGE_VERSION "1.5.6"
#define STDC_HEADERS 1
#define VERSION "1.5.6"

configure: exit 0
